07-16 17:37:06.021  2437  2437 I HwCoreAppHelperService: LocalReceiver receives:android.intent.action.PACKAGE_RESTARTED,pkg:com.android.todolist,uid:10231
07-16 17:37:06.598  2437  2437 I HwCoreAppHelperService: LocalReceiver receives:android.intent.action.PACKAGE_RESTARTED,pkg:com.android.todolist,uid:10231
07-16 17:37:06.694  1046  1071 D AwareLog: iawared: WorkingsetProcessCommand subCmd = 354, userId=10231, pid=0, com.android.todolist
07-16 17:37:06.695  1046  1071 D AwareLog: iawared: WorkingsetSendPrereadMsg com.android.todolist
07-16 17:37:06.695  1046  1071 D AwareLog: iawared: WorkingsetStart com.android.todolist in monitor0
07-16 17:37:06.717  1046  1071 D AwareLog: iawared: WorkingsetProcessCommand subCmd = 354, userId=10231, pid=0, com.android.todolist
07-16 17:37:06.717  1046  1071 D AwareLog: iawared: WorkingsetStart com.android.todolist in monitor0
07-16 17:37:06.718  1059  1401 I ScreemCommon: <LOGMGR> <CreateNewActivityStartTask> [FLOW ERR, app=com.huawei.android.launcher/com.huawei.android.launcher.unihome.UniHomeLauncher is starting, run new app=com.android.todolist/com.android.todolist.MainActivity time=474951476]
07-16 17:37:06.732  1046  1071 D AwareLog: iawared: WorkingsetProcessCommand subCmd = 350, userId=10231, pid=2867, com.android.todolist
07-16 17:37:06.734  1046  1071 D AwareLog: iawared: WorkingsetStart com.android.todolist in monitor0
07-16 17:37:06.772  2537  3150 D ScenarioService: front pkg : com.android.todolist launcher: false
07-16 17:37:06.772  2537  3150 D ScenarioService: new above launcher front pkgs: [com.android.todolist]
07-16 17:37:06.772  2537  3232 I PG_ash  : front pkg : com.android.todolist
07-16 17:37:06.773  2537  3386 I PGServer: report state:10000 event type:1 pid:0 uid:0 pkg:com.android.todolist to pid: 2537
07-16 17:37:06.773  2537  3150 I AppsUsage: scnOff:false FgAPP:com.android.todolist BgAPP:com.huawei.android.launcher
07-16 17:37:06.773  2537  3386 I SceneReceiver: state type: 10000 eventType:1 pid:0 uid:0 pkg:com.android.todolist
07-16 17:37:06.773  2537  3150 I PgLog   : ZAppActionService: send event info : eventId : 1, intArgs : 10231, 10063,  stringArgs : com.android.todolist, com.huawei.android.launcher, 
07-16 17:37:06.773  2537  3386 I PGServer: report state:10000 event type:1 pid:0 uid:0 pkg:com.android.todolist to pid: 1547
07-16 17:37:06.787  2537  3150 I ScenarioService: app focus change from: com.huawei.android.launcher to:com.android.todolist
07-16 17:37:06.787  2537  3150 I ScenarioService: add focus on app:com.android.todolist to visiblePkgs
07-16 17:37:06.793  2867  2934 I HwApiCacheMangerEx: apicache path=/storage/emulated/0 state=mounted key=com.android.todolist#10231#256
07-16 17:37:06.793  1010 28317 D ITouchService: itouch currentPackageName = com.android.todolist
07-16 17:37:06.793  1010 28317 D ITouchService: itouch:app com.android.todolist is  not game app
07-16 17:37:06.793  1010 28317 D ITouchService: itouch:app com.android.todolist is  not in StylusPenList
07-16 17:37:06.794  2867  2934 I HwApiCacheMangerEx: apicache path=/storage/emulated/0 state=mounted key=com.android.todolist#10231#0
07-16 17:37:06.796  2867  2934 I AwareBitmapCacher: init processName:com.android.todolist pid=2867 uid=10231
07-16 17:37:06.864  2867  2867 D ActivityThread: add activity client record, r= ActivityRecord{2b5f7ac token=android.os.BinderProxy@7487239 {com.android.todolist/com.android.todolist.MainActivity}} token= android.os.BinderProxy@7487239
07-16 17:37:06.880  2437  2816 I HidataAppQoeP: foregroundUidAdd uid: 10231 name: com.android.todolist activity state: true
07-16 17:37:06.888  2537  3150 I ScenarioService: refresh visibleApp:[com.android.todolist]
07-16 17:37:06.888  2537  3150 I PGServer: report state:14 event type:1 pid:-1 uid:-1 pkg:com.android.todolist to pid: 2537
07-16 17:37:06.888  2537  3150 I PF_API_JNI: ACCKIT_APS_NotifyInfo 3: com.android.todolist
07-16 17:37:06.888  1010 28317 I AGPService: aps-info: focus pkgName - com.android.todolist, with 0 more apps
07-16 17:37:06.888   762   780 D ACCKIT_ : pack:"com.android.todolist"
07-16 17:37:06.889  1010 28317 I AGPService: FrameRateManager: aps-info: new pkgName - com.android.todolist, type - -1
07-16 17:37:06.889  2867  2960 D HiTouch_PressGestureDetector: onAttached, package=com.android.todolist, windowType=1, mHiTouchRestricted=true
07-16 17:37:06.891  2437  2816 I SmartDualCardConfig: getAppType,pkgName=com.android.todolist,appType=-1
07-16 17:37:06.905  2867  2946 I iGraphics: [0020080c] pn: com.android.todolist, p: 2867
07-16 17:37:06.905  2867  2946 I iGraphics: [0030080c] no spt app: com.android.todolist
07-16 17:37:07.154  1046  1071 D AwareLog: iawared: WorkingsetProcessCommand subCmd = 351, userId=10231, pid=2867, com.android.todolist
07-16 17:37:07.154  1046  1071 D AwareLog: iawared: WorkingsetPause com.android.todolist
07-16 17:37:08.647  2537  5244 I ThermalTraceService: code:1, appInfo:com.android.todolist#10000, levelInfo:29,warm_shell_hc,2#0,warm_chg_cpu,1#0,warm_bschg_cpu,1
07-16 17:37:09.954  1046  1071 D AwareLog: iawared: WorkingsetProcessCommand subCmd = 357, userId=10231, pid=2867, com.android.todolist
07-16 17:37:09.955  1046  1071 D AwareLog: iawared: WorkingsetPauseCollect com.android.todolist
07-16 17:37:11.083  1059  1401 I ScreemCommon: <LOGMGR> <NotifyTaskFinished> [Start App(Cold) ok, pkg=com.android.todolist, act=com.android.todolist.MainActivity, fromPkg=null, totalTime=242, adTime=0, touchTime=0, actCount=1, animTime=289]
07-16 17:37:11.462  2867  2867 D Hwaps   : APS: EventAnalyzed: registerCallbackInApsManagerService, mPkgName:com.android.todolist; result = true
07-16 17:37:11.560  2867  3021 D HiTouch_PressGestureDetector: onAttached, package=com.android.todolist, windowType=2, mHiTouchRestricted=true
07-16 17:37:11.797  2867  2867 D AwareBitmapCacher: handleInit disable com.android.todolist
07-16 17:37:14.900  2867  2867 I Resources_debug: The apk asset path = ApkAssets{path=/data/app/com.android.todolist-owmKPXkVurgJIZkj3HKJ4g==/base.apk}
07-16 17:37:14.929  2867  2867 I chatty  : uid=10231(com.android.todolist) identical 10 lines
07-16 17:37:14.954  1046  1071 D AwareLog: iawared: WorkingsetProcessCommand subCmd = 352, userId=10231, pid=2867, com.android.todolist
07-16 17:37:14.954  1046  1071 D AwareLog: iawared: WorkingsetStop com.android.todolist
07-16 17:37:19.532   769  1512 W BufferQueueProducer: [com.android.todolist/com.android.todolist.MainActivity#1]:1403: disconnect: not connected (req=1)
07-16 17:37:20.898  1046  1071 D AwareLog: iawared: WorkingsetProcessCommand subCmd = 350, userId=10231, pid=2867, com.android.todolist/.ListActivity
07-16 17:37:20.898  1046  1071 D AwareLog: iawared: WorkingsetSendPrereadMsg com.android.todolist/.ListActivity
07-16 17:37:20.900  1046  1071 D AwareLog: iawared: WorkingsetStart com.android.todolist/.ListActivity in monitor0
07-16 17:37:20.986  2867  2867 D ActivityThread: add activity client record, r= ActivityRecord{9d337cc token=android.os.BinderProxy@ab9d076 {com.android.todolist/com.android.todolist.ListActivity}} token= android.os.BinderProxy@ab9d076
07-16 17:37:20.999  2867  3160 D HiTouch_PressGestureDetector: onAttached, package=com.android.todolist, windowType=1, mHiTouchRestricted=true
07-16 17:37:21.240  1046  1071 D AwareLog: iawared: WorkingsetProcessCommand subCmd = 351, userId=10231, pid=2867, com.android.todolist/.ListActivity
07-16 17:37:21.240  1046  1071 D AwareLog: iawared: WorkingsetPause com.android.todolist/.ListActivity
07-16 17:37:21.379   769  1512 W BufferQueueProducer: [com.android.todolist/com.android.todolist.MainActivity#0]:1403: disconnect: not connected (req=1)
07-16 17:37:21.403  1059  1401 I ScreemCommon: <LOGMGR> <NotifyTaskFinished> [Start Activity ok, pkg=com.android.todolist, act=com.android.todolist.ListActivity, fromPkg=, totalTime=509, adTime=0, touchTime=178, actCount=1, animTime=331]
07-16 17:37:22.481  2867  2867 I Resources_debug: The apk asset path = ApkAssets{path=/data/app/com.android.todolist-owmKPXkVurgJIZkj3HKJ4g==/base.apk}
07-16 17:37:24.040  1046  1071 D AwareLog: iawared: WorkingsetProcessCommand subCmd = 357, userId=10231, pid=2867, com.android.todolist/.ListActivity
07-16 17:37:24.041  1046  1071 D AwareLog: iawared: WorkingsetPauseCollect com.android.todolist/.ListActivity
07-16 17:37:29.040  1046  1071 D AwareLog: iawared: WorkingsetProcessCommand subCmd = 352, userId=10231, pid=2867, com.android.todolist/.ListActivity
07-16 17:37:29.040  1046  1071 D AwareLog: iawared: WorkingsetStop com.android.todolist/.ListActivity
07-16 17:37:33.174   769  1512 W BufferQueueProducer: [com.android.todolist/com.android.todolist.ListActivity#0]:1403: disconnect: not connected (req=1)
07-16 17:37:33.180  2867  2867 D ActivityThread: Remove activity client record, r= ActivityRecord{9d337cc token=android.os.BinderProxy@ab9d076 {com.android.todolist/com.android.todolist.ListActivity}} token= android.os.BinderProxy@ab9d076
07-16 17:39:22.092  2867  3189 D HiTouch_PressGestureDetector: onAttached, package=com.android.todolist, windowType=2, mHiTouchRestricted=true
07-16 17:39:23.542  2867  2867 I Resources_debug: The apk asset path = ApkAssets{path=/data/app/com.android.todolist-owmKPXkVurgJIZkj3HKJ4g==/base.apk}
07-16 17:39:30.965   769   984 W BufferQueueProducer: [com.android.todolist/com.android.todolist.MainActivity#1]:1403: disconnect: not connected (req=1)
07-16 17:39:32.082  1046  1071 D AwareLog: iawared: WorkingsetProcessCommand subCmd = 350, userId=10231, pid=2867, com.android.todolist/.ListActivity
07-16 17:39:32.082  1046  1071 D AwareLog: iawared: WorkingsetSendPrereadMsg com.android.todolist/.ListActivity
07-16 17:39:32.083  1046  1071 D AwareLog: iawared: WorkingsetStart com.android.todolist/.ListActivity in monitor0
07-16 17:39:32.140  2867  2867 D ActivityThread: add activity client record, r= ActivityRecord{cbc31bb token=android.os.BinderProxy@32aa9c9 {com.android.todolist/com.android.todolist.ListActivity}} token= android.os.BinderProxy@32aa9c9
07-16 17:39:32.150  2867  3202 D HiTouch_PressGestureDetector: onAttached, package=com.android.todolist, windowType=1, mHiTouchRestricted=true
07-16 17:39:32.375  1046  1071 D AwareLog: iawared: WorkingsetProcessCommand subCmd = 351, userId=10231, pid=2867, com.android.todolist/.ListActivity
07-16 17:39:32.376  1046  1071 D AwareLog: iawared: WorkingsetPause com.android.todolist/.ListActivity
07-16 17:39:32.517   769  1974 W BufferQueueProducer: [com.android.todolist/com.android.todolist.MainActivity#0]:1403: disconnect: not connected (req=1)
07-16 17:39:32.542  1059  1401 I ScreemCommon: <LOGMGR> <NotifyTaskFinished> [Start Activity ok, pkg=com.android.todolist, act=com.android.todolist.ListActivity, fromPkg=, totalTime=440, adTime=0, touchTime=113, actCount=1, animTime=327]
07-16 17:39:33.811  2867  2867 I Resources_debug: The apk asset path = ApkAssets{path=/data/app/com.android.todolist-owmKPXkVurgJIZkj3HKJ4g==/base.apk}
07-16 17:39:35.176  1046  1071 D AwareLog: iawared: WorkingsetProcessCommand subCmd = 357, userId=10231, pid=2867, com.android.todolist/.ListActivity
07-16 17:39:35.176  1046  1071 D AwareLog: iawared: WorkingsetPauseCollect com.android.todolist/.ListActivity
07-16 17:39:40.177  1046  1071 D AwareLog: iawared: WorkingsetProcessCommand subCmd = 352, userId=10231, pid=2867, com.android.todolist/.ListActivity
07-16 17:39:40.177  1046  1071 D AwareLog: iawared: WorkingsetStop com.android.todolist/.ListActivity
07-16 17:39:50.457  1046  1071 D AwareLog: iawared: WorkingsetProcessCommand subCmd = 350, userId=10231, pid=2867, com.android.todolist/.MainActivity
07-16 17:39:50.457  1046  1071 D AwareLog: iawared: WorkingsetSendPrereadMsg com.android.todolist/.MainActivity
07-16 17:39:50.460  1046  1071 D AwareLog: iawared: WorkingsetStart com.android.todolist/.MainActivity in monitor0
07-16 17:39:50.490  2867  2867 D ActivityThread: add activity client record, r= ActivityRecord{a0298e5 token=android.os.BinderProxy@4d34f78 {com.android.todolist/com.android.todolist.MainActivity}} token= android.os.BinderProxy@4d34f78
07-16 17:39:50.502  2867  3242 D HiTouch_PressGestureDetector: onAttached, package=com.android.todolist, windowType=1, mHiTouchRestricted=true
07-16 17:39:50.552  1547  1796 I WindowManager: Check opening app=AppWindowToken{8a9c7f2 token=Token{be0aefd ActivityRecord{793ef54 u0 com.android.todolist/.MainActivity t18781}}}: allDrawn=true startingDisplayed=false startingMoved=false isRelaunching()=false startingWindow=null
07-16 17:39:50.553  1547  1796 D HwWindowManagerServiceEx: is app exit to launcher info: transit = 6, app = AppWindowToken{ac8bdff token=Token{35ab11e ActivityRecord{2841159 u0 com.android.todolist/.ListActivity t18781}}}, window = Window{ca342d0 u0 com.android.todolist/com.android.todolist.ListActivity}, mClosingApps = {AppWindowToken{ac8bdff token=Token{35ab11e ActivityRecord{2841159 u0 com.android.todolist/.ListActivity t18781}}}}, topOpeningApp = AppWindowToken{8a9c7f2 token=Token{be0aefd ActivityRecord{793ef54 u0 com.android.todolist/.MainActivity t18781}}}, mExitIconBitmap = null, mExitIconHeight = -1, mExitIconWidth = -1
07-16 17:39:50.554  1547  1796 V WindowManager: commitVisibility: AppWindowToken{ac8bdff token=Token{35ab11e ActivityRecord{2841159 u0 com.android.todolist/.ListActivity t18781}}}: hidden=true hiddenRequested=true
07-16 17:39:50.555  1547  1796 D HwWindowManagerServiceEx: is app exit to launcher info: transit = 6, app = AppWindowToken{8a9c7f2 token=Token{be0aefd ActivityRecord{793ef54 u0 com.android.todolist/.MainActivity t18781}}}, window = Window{38d4b9f u0 com.android.todolist/com.android.todolist.MainActivity}, mClosingApps = {AppWindowToken{ac8bdff token=Token{35ab11e ActivityRecord{2841159 u0 com.android.todolist/.ListActivity t18781}}}}, topOpeningApp = AppWindowToken{8a9c7f2 token=Token{be0aefd ActivityRecord{793ef54 u0 com.android.todolist/.MainActivity t18781}}}, mExitIconBitmap = null, mExitIconHeight = -1, mExitIconWidth = -1
07-16 17:39:50.557  1547  1796 V WindowManager: commitVisibility: AppWindowToken{8a9c7f2 token=Token{be0aefd ActivityRecord{793ef54 u0 com.android.todolist/.MainActivity t18781}}}: hidden=false hiddenRequested=false
07-16 17:39:50.558  1547  1796 I WindowManager: dispatchResized : win = Window{38d4b9f u0 com.android.todolist/com.android.todolist.MainActivity} drawState = HAS_DRAWN
07-16 17:39:50.590  1547  2597 V ActivityTaskManager: Activity idle: Token{be0aefd ActivityRecord{793ef54 u0 com.android.todolist/.MainActivity t18781}}
07-16 17:39:50.591  1547  2597 V ActivityTaskManager: Stopping ActivityRecord{2841159 u0 com.android.todolist/.ListActivity t18781 f}: nowVisible=false animating=true finishing=true
07-16 17:39:50.758  1046  1071 D AwareLog: iawared: WorkingsetProcessCommand subCmd = 351, userId=10231, pid=2867, com.android.todolist/.MainActivity
07-16 17:39:50.758  1046  1071 D AwareLog: iawared: WorkingsetPause com.android.todolist/.MainActivity
07-16 17:39:50.888  1547  1796 I WindowManager: Animation done in AppWindowToken{ac8bdff token=Token{35ab11e ActivityRecord{2841159 u0 com.android.todolist/.ListActivity t18781}}} isHidden:true hiddenRequested:true
07-16 17:39:50.888  1547  1796 I WindowManager: Animation done in AppWindowToken{8a9c7f2 token=Token{be0aefd ActivityRecord{793ef54 u0 com.android.todolist/.MainActivity t18781}}} isHidden:false hiddenRequested:false
07-16 17:39:50.909   769   985 W BufferQueueProducer: [com.android.todolist/com.android.todolist.ListActivity#0]:1403: disconnect: not connected (req=1)
07-16 17:39:50.918  2867  2867 D ActivityThread: Remove activity client record, r= ActivityRecord{cbc31bb token=android.os.BinderProxy@32aa9c9 {com.android.todolist/com.android.todolist.ListActivity}} token= android.os.BinderProxy@32aa9c9
07-16 17:39:50.921  1547  2597 I WindowManager: removeIfPossible: Window{ca342d0 u0 com.android.todolist/com.android.todolist.ListActivity} callers=com.android.server.wm.WindowState.removeIfPossible:2445 com.android.server.wm.WindowManagerService.removeWindow:2230 com.android.server.wm.Session.remove:178 android.view.IWindowSession$Stub.onTransact:668 com.android.server.wm.Session.onTransact:136 
07-16 17:39:50.922  1547  2597 I WindowManager: postWindowRemoveCleanupLocked: Window{ca342d0 u0 com.android.todolist/com.android.todolist.ListActivity}
07-16 17:39:50.922  1547  2597 I WindowManager: Removing Window{ca342d0 u0 com.android.todolist/com.android.todolist.ListActivity} from AppWindowToken{ac8bdff token=Token{35ab11e ActivityRecord{2841159 u0 com.android.todolist/.ListActivity t18781}}}
07-16 17:39:50.927  1547  2059 I WindowManager: Animation done in AppWindowToken{ac8bdff token=Token{35ab11e ActivityRecord{2841159 u0 com.android.todolist/.ListActivity t18781}}} isHidden:true hiddenRequested:true
07-16 17:39:50.927  1547  2059 V WindowManager: removeAppToken: AppWindowToken{ac8bdff token=Token{35ab11e ActivityRecord{2841159 u0 com.android.todolist/.ListActivity t18781}}} delayed=false Callers=com.android.server.wm.DisplayContent.removeAppToken:1299 com.android.server.wm.ActivityRecord.removeWindowContainer:1360 com.android.server.wm.ActivityStack.removeActivityFromHistoryLocked:5289 com.android.server.wm.ActivityStack.activityDestroyedLocked:5588 com.android.server.wm.ActivityStack.activityDestroyedLocked:5568 com.android.server.wm.ActivityTaskManagerService.activityDestroyed:1953 android.app.IActivityTaskManager$Stub.onTransact:2042 android.os.Binder.execTransactInternal:1028 android.os.Binder.execTransact:1001 
07-16 17:39:50.931  1059  1401 I ScreemCommon: <LOGMGR> <NotifyTaskFinished> [Start Activity ok, pkg=com.android.todolist, act=com.android.todolist.MainActivity, fromPkg=, totalTime=457, adTime=0, touchTime=121, actCount=1, animTime=336]
07-16 17:39:53.558  1046  1071 D AwareLog: iawared: WorkingsetProcessCommand subCmd = 357, userId=10231, pid=2867, com.android.todolist/.MainActivity
07-16 17:39:53.558  1046  1071 D AwareLog: iawared: WorkingsetPauseCollect com.android.todolist/.MainActivity
07-16 17:39:58.559  1046  1071 D AwareLog: iawared: WorkingsetProcessCommand subCmd = 352, userId=10231, pid=2867, com.android.todolist/.MainActivity
07-16 17:39:58.560  1046  1071 D AwareLog: iawared: WorkingsetStop com.android.todolist/.MainActivity
